--- Start: Sat, Mar 21, 2026  6:27:08 PM ---
docker is already installed: Docker version 29.2.0, build 0b9d198 [cite: 302]
docker-compose is already installed: Docker Compose version v5.0.2 [cite: 302]
Python python3 is already installed:  [cite: 302]
Installing Python dependencies...
install_dev_tools.sh: line 25: pip3: command not found
install_dev_tools.sh: line 26: pip3: command not found
--- Versions Check ---
Python Docker version 29.2.0, build 0b9d198
install_dev_tools.sh: line 31: pip3: command not found
--- Start: Sat, Mar 21, 2026  6:31:46 PM ---
docker is already installed: Docker version 29.2.0, build 0b9d198 [cite: 302]
docker-compose is already installed: Docker Compose version v5.0.2 [cite: 302]
Python python3 is already installed:  [cite: 302]
Installing Python dependencies...
install_dev_tools.sh: line 25: pip3: command not found
install_dev_tools.sh: line 26: pip3: command not found
--- Versions Check ---
Python Docker version 29.2.0, build 0b9d198
install_dev_tools.sh: line 31: pip3: command not found
--- Start: Sat, Mar 21, 2026  6:56:35 PM ---
docker is already installed: Docker version 29.2.0, build 0b9d198 [cite: 302]
docker-compose is already installed: Docker Compose version v5.0.2 [cite: 302]
Python python3 is already installed:  [cite: 302]
Installing Python dependencies...
install_dev_tools.sh: line 25: pip3: command not found
install_dev_tools.sh: line 26: pip3: command not found
--- Versions Check ---
Python Docker version 29.2.0, build 0b9d198
install_dev_tools.sh: line 31: pip3: command not found
--- Start: Sat, Mar 21, 2026  6:58:38 PM ---
docker is already installed: Docker version 29.2.0, build 0b9d198 [cite: 302]
docker-compose is already installed: Docker Compose version v5.0.2 [cite: 302]
Python python3 is already installed:  [cite: 302]
Installing Python dependencies...
install_dev_tools.sh: line 25: pip3: command not found
install_dev_tools.sh: line 26: pip3: command not found
--- Versions Check ---
Python Docker version 29.2.0, build 0b9d198
install_dev_tools.sh: line 31: pip3: command not found
--- Start: Sat, Mar 21, 2026  7:05:51 PM ---
docker is already installed: Docker version 29.2.0, build 0b9d198 [cite: 302]
docker-compose is already installed: Docker Compose version v5.0.2 [cite: 302]
python3 is already installed: Python 3.13.12 [cite: 302]
Installing Python dependencies...
Defaulting to user installation because normal site-packages is not writeable
Requirement already satisfied: pip in c:\program files\windowsapps\pythonsoftwarefoundation.python.3.13_3.13.3312.0_x64__qbz5n2kfra8p0\lib\site-packages (25.3)
Collecting pip
  Downloading pip-26.0.1-py3-none-any.whl.metadata (4.7 kB)
Downloading pip-26.0.1-py3-none-any.whl (1.8 MB)
   ---------------------------------------- 1.8/1.8 MB 5.0 MB/s  0:00:00
Installing collected packages: pip
  WARNING: The scripts pip.exe, pip3.13.exe and pip3.exe are installed in 'C:\Users\OF\AppData\Local\Packages\PythonSoftwareFoundation.Python.3.13_qbz5n2kfra8p0\LocalCache\local-packages\Python313\Scripts' which is not on PATH.
  Consider adding this directory to PATH or, if you prefer to suppress this warning, use --no-warn-script-location.
Successfully installed pip-26.0.1

[notice] A new release of pip is available: 25.3 -> 26.0.1
[notice] To update, run: C:\Users\OF\AppData\Local\Microsoft\WindowsApps\PythonSoftwareFoundation.Python.3.13_qbz5n2kfra8p0\python.exe -m pip install --upgrade pip
Defaulting to user installation because normal site-packages is not writeable
ERROR: Invalid requirement: '[cite:': Expected package name at the start of dependency specifier
    [cite:
    ^
--- Versions Check ---
Python 3.13.12
Docker version 29.2.0, build 0b9d198
WARNING: Package(s) not found: torch
--- Start: Sat, Mar 21, 2026  7:24:50 PM ---
docker is already installed: Docker version 29.2.0, build 0b9d198 [cite: 302]
docker-compose is already installed: Docker Compose version v5.0.2 [cite: 302]
python3 is already installed: Python 3.13.12 [cite: 302]
Installing Python dependencies...
Defaulting to user installation because normal site-packages is not writeable
Requirement already satisfied: pip in C:\Users\OF\AppData\Local\Packages\PythonSoftwareFoundation.Python.3.13_qbz5n2kfra8p0\LocalCache\local-packages\Python313\site-packages (26.0.1)
Defaulting to user installation because normal site-packages is not writeable
ERROR: Invalid requirement: '[cite:': Expected package name at the start of dependency specifier
    [cite:
    ^
--- Versions Check ---
Python 3.13.12
Docker version 29.2.0, build 0b9d198
Version: 2.10.0
